// Jest Snapshot v1, https://goo.gl/fbAQLP

exports[`<VerticalCardInfo /> renders without crashing 1`] = `<HookWrapper />`;
